alias void delegate ( int ) SomeDg;

void foo ( scope SomeDg dg1, scope SomeDg d2 );
