void foo ( ) const
{ }

void bar ( ) <unsupported token injection>
{ }
