struct S
{
    static this ( )
    in
    {
        auto x = this;
    }
    body
    {
    }

    static ~this ( )
    {
    }
}
